// Jest Snapshot v1, https://goo.gl/fbAQLP

exports[`Faq renders correctly 1`] = `
ShallowWrapper {
  "length": 1,
  Symbol(enzyme.__root__): [Circular],
  Symbol(enzyme.__unrendered__): <Faq />,
  Symbol(enzyme.__renderer__): Object {
    "batchedUpdates": [Function],
    "getNode": [Function],
    "render": [Function],
    "simulateEvent": [Function],
    "unmount": [Function],
  },
  Symbol(enzyme.__node__): Object {
    "instance": null,
    "key": undefined,
    "nodeType": "class",
    "props": Object {
      "children": <section
        style={
          Object {
            "margin": "auto",
            "width": "60%",
          }
        }
      >
        <div>
          <h1
            style={
              Object {
                "color": "#730006",
                "fontFamily": "Play, serif",
                "fontSize": "50px",
                "fontWeight": "600",
                "lineHeight": "1.08",
                "marginBottom": "40px",
                "marginTop": "20px",
                "textShadow": "2px 2px 5px #F24932",
                "textTransform": "uppercase",
              }
            }
          >
            Welcome to the CLE Tech Survey
          </h1>
          <p>
            Popular tech surveys don’t seem to get Cleveland. So, we made our own Cleveland-based survey to try to get a more accurate idea of what goes on in Cleveland tech.
          </p>
          <p>
            The purpose of this survey is to collect and present information about salary, education, and experience for those in Cleveland Technology to get an understanding of the influence different components have on salary calculations.
          </p>
          <p>
            The information collected is anonymous and will be accessible to all, in downloadable (INSERT FILE FORMAT TYPE HERE) format, once the survey collection period is over (INSERT DATE OF COMPLETION HERE).
          </p>
          <p>
            The survey takes about 7 minutes to complete.
          </p>
        </div>
        <div>
          <RaisedButton
            backgroundColor="#730006"
            disabled={false}
            fullWidth={false}
            href="/survey"
            label="Start"
            labelColor="#F7F5F4"
            labelPosition="after"
            labelStyle={
              Object {
                "lineHeight": "45px",
              }
            }
            primary={false}
            secondary={false}
            style={
              Object {
                "height": "45px",
                "marginRight": "16px",
                "width": "110px",
              }
            }
          />
        </div>
      </section>,
      "style": Object {
        "backgroundColor": "#8097ad",
        "overflow": "hidden",
      },
    },
    "ref": null,
    "rendered": Object {
      "instance": null,
      "key": undefined,
      "nodeType": "host",
      "props": Object {
        "children": Array [
          <div>
            <h1
              style={
                Object {
                  "color": "#730006",
                  "fontFamily": "Play, serif",
                  "fontSize": "50px",
                  "fontWeight": "600",
                  "lineHeight": "1.08",
                  "marginBottom": "40px",
                  "marginTop": "20px",
                  "textShadow": "2px 2px 5px #F24932",
                  "textTransform": "uppercase",
                }
              }
            >
              Welcome to the CLE Tech Survey
            </h1>
            <p>
              Popular tech surveys don’t seem to get Cleveland. So, we made our own Cleveland-based survey to try to get a more accurate idea of what goes on in Cleveland tech.
            </p>
            <p>
              The purpose of this survey is to collect and present information about salary, education, and experience for those in Cleveland Technology to get an understanding of the influence different components have on salary calculations.
            </p>
            <p>
              The information collected is anonymous and will be accessible to all, in downloadable (INSERT FILE FORMAT TYPE HERE) format, once the survey collection period is over (INSERT DATE OF COMPLETION HERE).
            </p>
            <p>
              The survey takes about 7 minutes to complete.
            </p>
          </div>,
          <div>
            <RaisedButton
              backgroundColor="#730006"
              disabled={false}
              fullWidth={false}
              href="/survey"
              label="Start"
              labelColor="#F7F5F4"
              labelPosition="after"
              labelStyle={
                Object {
                  "lineHeight": "45px",
                }
              }
              primary={false}
              secondary={false}
              style={
                Object {
                  "height": "45px",
                  "marginRight": "16px",
                  "width": "110px",
                }
              }
            />
          </div>,
        ],
        "style": Object {
          "margin": "auto",
          "width": "60%",
        },
      },
      "ref": null,
      "rendered": Array [
        Object {
          "instance": null,
          "key": undefined,
          "nodeType": "host",
          "props": Object {
            "children": Array [
              <h1
                style={
                  Object {
                    "color": "#730006",
                    "fontFamily": "Play, serif",
                    "fontSize": "50px",
                    "fontWeight": "600",
                    "lineHeight": "1.08",
                    "marginBottom": "40px",
                    "marginTop": "20px",
                    "textShadow": "2px 2px 5px #F24932",
                    "textTransform": "uppercase",
                  }
                }
              >
                Welcome to the CLE Tech Survey
              </h1>,
              <p>
                Popular tech surveys don’t seem to get Cleveland. So, we made our own Cleveland-based survey to try to get a more accurate idea of what goes on in Cleveland tech.
              </p>,
              <p>
                The purpose of this survey is to collect and present information about salary, education, and experience for those in Cleveland Technology to get an understanding of the influence different components have on salary calculations.
              </p>,
              <p>
                The information collected is anonymous and will be accessible to all, in downloadable (INSERT FILE FORMAT TYPE HERE) format, once the survey collection period is over (INSERT DATE OF COMPLETION HERE).
              </p>,
              <p>
                The survey takes about 7 minutes to complete.
              </p>,
            ],
          },
          "ref": null,
          "rendered": Array [
            Object {
              "instance": null,
              "key": undefined,
              "nodeType": "host",
              "props": Object {
                "children": "Welcome to the CLE Tech Survey",
                "style": Object {
                  "color": "#730006",
                  "fontFamily": "Play, serif",
                  "fontSize": "50px",
                  "fontWeight": "600",
                  "lineHeight": "1.08",
                  "marginBottom": "40px",
                  "marginTop": "20px",
                  "textShadow": "2px 2px 5px #F24932",
                  "textTransform": "uppercase",
                },
              },
              "ref": null,
              "rendered": "Welcome to the CLE Tech Survey",
              "type": "h1",
            },
            Object {
              "instance": null,
              "key": undefined,
              "nodeType": "host",
              "props": Object {
                "children": "Popular tech surveys don’t seem to get Cleveland. So, we made our own Cleveland-based survey to try to get a more accurate idea of what goes on in Cleveland tech.",
              },
              "ref": null,
              "rendered": "Popular tech surveys don’t seem to get Cleveland. So, we made our own Cleveland-based survey to try to get a more accurate idea of what goes on in Cleveland tech.",
              "type": "p",
            },
            Object {
              "instance": null,
              "key": undefined,
              "nodeType": "host",
              "props": Object {
                "children": "The purpose of this survey is to collect and present information about salary, education, and experience for those in Cleveland Technology to get an understanding of the influence different components have on salary calculations.",
              },
              "ref": null,
              "rendered": "The purpose of this survey is to collect and present information about salary, education, and experience for those in Cleveland Technology to get an understanding of the influence different components have on salary calculations.",
              "type": "p",
            },
            Object {
              "instance": null,
              "key": undefined,
              "nodeType": "host",
              "props": Object {
                "children": "The information collected is anonymous and will be accessible to all, in downloadable (INSERT FILE FORMAT TYPE HERE) format, once the survey collection period is over (INSERT DATE OF COMPLETION HERE).",
              },
              "ref": null,
              "rendered": "The information collected is anonymous and will be accessible to all, in downloadable (INSERT FILE FORMAT TYPE HERE) format, once the survey collection period is over (INSERT DATE OF COMPLETION HERE).",
              "type": "p",
            },
            Object {
              "instance": null,
              "key": undefined,
              "nodeType": "host",
              "props": Object {
                "children": "The survey takes about 7 minutes to complete.",
              },
              "ref": null,
              "rendered": "The survey takes about 7 minutes to complete.",
              "type": "p",
            },
          ],
          "type": "div",
        },
        Object {
          "instance": null,
          "key": undefined,
          "nodeType": "host",
          "props": Object {
            "children": <RaisedButton
              backgroundColor="#730006"
              disabled={false}
              fullWidth={false}
              href="/survey"
              label="Start"
              labelColor="#F7F5F4"
              labelPosition="after"
              labelStyle={
                Object {
                  "lineHeight": "45px",
                }
              }
              primary={false}
              secondary={false}
              style={
                Object {
                  "height": "45px",
                  "marginRight": "16px",
                  "width": "110px",
                }
              }
            />,
          },
          "ref": null,
          "rendered": Object {
            "instance": null,
            "key": undefined,
            "nodeType": "class",
            "props": Object {
              "backgroundColor": "#730006",
              "disabled": false,
              "fullWidth": false,
              "href": "/survey",
              "label": "Start",
              "labelColor": "#F7F5F4",
              "labelPosition": "after",
              "labelStyle": Object {
                "lineHeight": "45px",
              },
              "primary": false,
              "secondary": false,
              "style": Object {
                "height": "45px",
                "marginRight": "16px",
                "width": "110px",
              },
            },
            "ref": null,
            "rendered": null,
            "type": [Function],
          },
          "type": "div",
        },
      ],
      "type": "section",
    },
    "type": [Function],
  },
  Symbol(enzyme.__nodes__): Array [
    Object {
      "instance": null,
      "key": undefined,
      "nodeType": "class",
      "props": Object {
        "children": <section
          style={
            Object {
              "margin": "auto",
              "width": "60%",
            }
          }
        >
          <div>
            <h1
              style={
                Object {
                  "color": "#730006",
                  "fontFamily": "Play, serif",
                  "fontSize": "50px",
                  "fontWeight": "600",
                  "lineHeight": "1.08",
                  "marginBottom": "40px",
                  "marginTop": "20px",
                  "textShadow": "2px 2px 5px #F24932",
                  "textTransform": "uppercase",
                }
              }
            >
              Welcome to the CLE Tech Survey
            </h1>
            <p>
              Popular tech surveys don’t seem to get Cleveland. So, we made our own Cleveland-based survey to try to get a more accurate idea of what goes on in Cleveland tech.
            </p>
            <p>
              The purpose of this survey is to collect and present information about salary, education, and experience for those in Cleveland Technology to get an understanding of the influence different components have on salary calculations.
            </p>
            <p>
              The information collected is anonymous and will be accessible to all, in downloadable (INSERT FILE FORMAT TYPE HERE) format, once the survey collection period is over (INSERT DATE OF COMPLETION HERE).
            </p>
            <p>
              The survey takes about 7 minutes to complete.
            </p>
          </div>
          <div>
            <RaisedButton
              backgroundColor="#730006"
              disabled={false}
              fullWidth={false}
              href="/survey"
              label="Start"
              labelColor="#F7F5F4"
              labelPosition="after"
              labelStyle={
                Object {
                  "lineHeight": "45px",
                }
              }
              primary={false}
              secondary={false}
              style={
                Object {
                  "height": "45px",
                  "marginRight": "16px",
                  "width": "110px",
                }
              }
            />
          </div>
        </section>,
        "style": Object {
          "backgroundColor": "#8097ad",
          "overflow": "hidden",
        },
      },
      "ref": null,
      "rendered": Object {
        "instance": null,
        "key": undefined,
        "nodeType": "host",
        "props": Object {
          "children": Array [
            <div>
              <h1
                style={
                  Object {
                    "color": "#730006",
                    "fontFamily": "Play, serif",
                    "fontSize": "50px",
                    "fontWeight": "600",
                    "lineHeight": "1.08",
                    "marginBottom": "40px",
                    "marginTop": "20px",
                    "textShadow": "2px 2px 5px #F24932",
                    "textTransform": "uppercase",
                  }
                }
              >
                Welcome to the CLE Tech Survey
              </h1>
              <p>
                Popular tech surveys don’t seem to get Cleveland. So, we made our own Cleveland-based survey to try to get a more accurate idea of what goes on in Cleveland tech.
              </p>
              <p>
                The purpose of this survey is to collect and present information about salary, education, and experience for those in Cleveland Technology to get an understanding of the influence different components have on salary calculations.
              </p>
              <p>
                The information collected is anonymous and will be accessible to all, in downloadable (INSERT FILE FORMAT TYPE HERE) format, once the survey collection period is over (INSERT DATE OF COMPLETION HERE).
              </p>
              <p>
                The survey takes about 7 minutes to complete.
              </p>
            </div>,
            <div>
              <RaisedButton
                backgroundColor="#730006"
                disabled={false}
                fullWidth={false}
                href="/survey"
                label="Start"
                labelColor="#F7F5F4"
                labelPosition="after"
                labelStyle={
                  Object {
                    "lineHeight": "45px",
                  }
                }
                primary={false}
                secondary={false}
                style={
                  Object {
                    "height": "45px",
                    "marginRight": "16px",
                    "width": "110px",
                  }
                }
              />
            </div>,
          ],
          "style": Object {
            "margin": "auto",
            "width": "60%",
          },
        },
        "ref": null,
        "rendered": Array [
          Object {
            "instance": null,
            "key": undefined,
            "nodeType": "host",
            "props": Object {
              "children": Array [
                <h1
                  style={
                    Object {
                      "color": "#730006",
                      "fontFamily": "Play, serif",
                      "fontSize": "50px",
                      "fontWeight": "600",
                      "lineHeight": "1.08",
                      "marginBottom": "40px",
                      "marginTop": "20px",
                      "textShadow": "2px 2px 5px #F24932",
                      "textTransform": "uppercase",
                    }
                  }
                >
                  Welcome to the CLE Tech Survey
                </h1>,
                <p>
                  Popular tech surveys don’t seem to get Cleveland. So, we made our own Cleveland-based survey to try to get a more accurate idea of what goes on in Cleveland tech.
                </p>,
                <p>
                  The purpose of this survey is to collect and present information about salary, education, and experience for those in Cleveland Technology to get an understanding of the influence different components have on salary calculations.
                </p>,
                <p>
                  The information collected is anonymous and will be accessible to all, in downloadable (INSERT FILE FORMAT TYPE HERE) format, once the survey collection period is over (INSERT DATE OF COMPLETION HERE).
                </p>,
                <p>
                  The survey takes about 7 minutes to complete.
                </p>,
              ],
            },
            "ref": null,
            "rendered": Array [
              Object {
                "instance": null,
                "key": undefined,
                "nodeType": "host",
                "props": Object {
                  "children": "Welcome to the CLE Tech Survey",
                  "style": Object {
                    "color": "#730006",
                    "fontFamily": "Play, serif",
                    "fontSize": "50px",
                    "fontWeight": "600",
                    "lineHeight": "1.08",
                    "marginBottom": "40px",
                    "marginTop": "20px",
                    "textShadow": "2px 2px 5px #F24932",
                    "textTransform": "uppercase",
                  },
                },
                "ref": null,
                "rendered": "Welcome to the CLE Tech Survey",
                "type": "h1",
              },
              Object {
                "instance": null,
                "key": undefined,
                "nodeType": "host",
                "props": Object {
                  "children": "Popular tech surveys don’t seem to get Cleveland. So, we made our own Cleveland-based survey to try to get a more accurate idea of what goes on in Cleveland tech.",
                },
                "ref": null,
                "rendered": "Popular tech surveys don’t seem to get Cleveland. So, we made our own Cleveland-based survey to try to get a more accurate idea of what goes on in Cleveland tech.",
                "type": "p",
              },
              Object {
                "instance": null,
                "key": undefined,
                "nodeType": "host",
                "props": Object {
                  "children": "The purpose of this survey is to collect and present information about salary, education, and experience for those in Cleveland Technology to get an understanding of the influence different components have on salary calculations.",
                },
                "ref": null,
                "rendered": "The purpose of this survey is to collect and present information about salary, education, and experience for those in Cleveland Technology to get an understanding of the influence different components have on salary calculations.",
                "type": "p",
              },
              Object {
                "instance": null,
                "key": undefined,
                "nodeType": "host",
                "props": Object {
                  "children": "The information collected is anonymous and will be accessible to all, in downloadable (INSERT FILE FORMAT TYPE HERE) format, once the survey collection period is over (INSERT DATE OF COMPLETION HERE).",
                },
                "ref": null,
                "rendered": "The information collected is anonymous and will be accessible to all, in downloadable (INSERT FILE FORMAT TYPE HERE) format, once the survey collection period is over (INSERT DATE OF COMPLETION HERE).",
                "type": "p",
              },
              Object {
                "instance": null,
                "key": undefined,
                "nodeType": "host",
                "props": Object {
                  "children": "The survey takes about 7 minutes to complete.",
                },
                "ref": null,
                "rendered": "The survey takes about 7 minutes to complete.",
                "type": "p",
              },
            ],
            "type": "div",
          },
          Object {
            "instance": null,
            "key": undefined,
            "nodeType": "host",
            "props": Object {
              "children": <RaisedButton
                backgroundColor="#730006"
                disabled={false}
                fullWidth={false}
                href="/survey"
                label="Start"
                labelColor="#F7F5F4"
                labelPosition="after"
                labelStyle={
                  Object {
                    "lineHeight": "45px",
                  }
                }
                primary={false}
                secondary={false}
                style={
                  Object {
                    "height": "45px",
                    "marginRight": "16px",
                    "width": "110px",
                  }
                }
              />,
            },
            "ref": null,
            "rendered": Object {
              "instance": null,
              "key": undefined,
              "nodeType": "class",
              "props": Object {
                "backgroundColor": "#730006",
                "disabled": false,
                "fullWidth": false,
                "href": "/survey",
                "label": "Start",
                "labelColor": "#F7F5F4",
                "labelPosition": "after",
                "labelStyle": Object {
                  "lineHeight": "45px",
                },
                "primary": false,
                "secondary": false,
                "style": Object {
                  "height": "45px",
                  "marginRight": "16px",
                  "width": "110px",
                },
              },
              "ref": null,
              "rendered": null,
              "type": [Function],
            },
            "type": "div",
          },
        ],
        "type": "section",
      },
      "type": [Function],
    },
  ],
  Symbol(enzyme.__options__): Object {
    "adapter": ReactSixteenAdapter {
      "options": Object {
        "enableComponentDidUpdateOnSetState": true,
      },
    },
  },
}
`;
